=== ORGANIZATIONS in DB ===
  org_id=04009302-7bb1-434d-93c5-f0e2e80999f1  name='brainerhub solutions'  logo=https://res.cloudinary.com/dinzxgww5/image/upload/v1775208827/hireon_avatars/avatar_org_04009302-7bb1-434d-93c5-f0e2e80999f1_e20758ce.png

=== USERS in DB ===
  user_id=bf94a6f7-0766-479a-bf1c-8930cb8a1617  email=recruiter2@brainerhub.com  role=recruiter  org_id=04009302-7bb1-434d-93c5-f0e2e80999f1
  user_id=bdb8ed60-985b-425e-8711-635945725a36  email=interviewer@brainerhub.com  role=interviewer  org_id=04009302-7bb1-434d-93c5-f0e2e80999f1
  user_id=6142e20b-e97e-442b-8fff-43948f5e70d3  email=interviewer2@brainerhub.com  role=interviewer  org_id=04009302-7bb1-434d-93c5-f0e2e80999f1
  user_id=17b2fe73-228d-46ad-9b9e-cf1274c07f9f  email=sarah.chen@gmail.com  role=candidate  org_id=04009302-7bb1-434d-93c5-f0e2e80999f1
  user_id=40d2d7b7-6e04-4ed7-91a3-018e49ecace2  email=admin@brainerhub.com  role=admin  org_id=04009302-7bb1-434d-93c5-f0e2e80999f1
  user_id=a01ee68d-305b-46ce-885d-19b9e745b731  email=recruiter@brainerhub.com  role=recruiter  org_id=04009302-7bb1-434d-93c5-f0e2e80999f1

  GET /me simulation for recruiter2@brainerhub.com:
    organization loaded? True
    organization_name = 'brainerhub solutions'

  GET /me simulation for interviewer@brainerhub.com:
    organization loaded? True
    organization_name = 'brainerhub solutions'

  GET /me simulation for interviewer2@brainerhub.com:
    organization loaded? True
    organization_name = 'brainerhub solutions'

  GET /me simulation for sarah.chen@gmail.com:
    organization loaded? True
    organization_name = 'brainerhub solutions'

  GET /me simulation for admin@brainerhub.com:
    organization loaded? True
    organization_name = 'brainerhub solutions'

  GET /me simulation for recruiter@brainerhub.com:
    organization loaded? True
    organization_name = 'brainerhub solutions'
